[techydevs.com/demos/themes/html/aduca-demo/aduca/index.html]
[backblue.gif]
[fade.gif]
[index.html]
[techydevs.com/demos/themes/html/aduca-demo/aduca/images/favicon.png]
[techydevs.com/demos/themes/html/aduca-demo/aduca/css/bootstrap.min.css]
[techydevs.com/demos/themes/html/aduca-demo/aduca/css/line-awesome.css]
[techydevs.com/demos/themes/html/aduca-demo/aduca/css/owl.carousel.min.css]
[techydevs.com/demos/themes/html/aduca-demo/aduca/css/owl.theme.default.min.css]
[techydevs.com/demos/themes/html/aduca-demo/aduca/css/bootstrap-select.min.css]
[techydevs.com/demos/themes/html/aduca-demo/aduca/css/fancybox.css]
[techydevs.com/demos/themes/html/aduca-demo/aduca/css/tooltipster.bundle.css]
[techydevs.com/demos/themes/html/aduca-demo/aduca/css/style.css]
[techydevs.com/demos/themes/html/aduca-demo/aduca/login.html]
[techydevs.com/demos/themes/html/aduca-demo/aduca/sign-up.html]
[techydevs.com/demos/themes/html/aduca-demo/aduca/images/logo.png]
[techydevs.com/demos/themes/html/aduca-demo/aduca/course-grid.html]
[techydevs.com/demos/themes/html/aduca-demo/aduca/home-2.html]
[techydevs.com/demos/themes/html/aduca-demo/aduca/home-3.html]
[techydevs.com/demos/themes/html/aduca-demo/aduca/home-4.html]
[techydevs.com/demos/themes/html/aduca-demo/aduca/course-list.html]
[techydevs.com/demos/themes/html/aduca-demo/aduca/course-grid-left-sidebar.html]
[techydevs.com/demos/themes/html/aduca-demo/aduca/course-grid-right-sidebar.html]
[techydevs.com/demos/themes/html/aduca-demo/aduca/course-list-left-sidebar.html]
[techydevs.com/demos/themes/html/aduca-demo/aduca/course-list-right-sidebar.html]
[techydevs.com/demos/themes/html/aduca-demo/aduca/course-details.html]
[techydevs.com/demos/themes/html/aduca-demo/aduca/lesson-details.html]
[techydevs.com/demos/themes/html/aduca-demo/aduca/my-courses.html]
[techydevs.com/demos/themes/html/aduca-demo/aduca/student-detail.html]
[techydevs.com/demos/themes/html/aduca-demo/aduca/student-quiz.html]
[techydevs.com/demos/themes/html/aduca-demo/aduca/student-quiz-results.html]
[techydevs.com/demos/themes/html/aduca-demo/aduca/student-quiz-result-details.html]
[techydevs.com/demos/themes/html/aduca-demo/aduca/student-quiz-result-details-2.html]
[techydevs.com/demos/themes/html/aduca-demo/aduca/student-path.html]
[techydevs.com/demos/themes/html/aduca-demo/aduca/student-path-assessment.html]
[techydevs.com/demos/themes/html/aduca-demo/aduca/student-path-assessment-result.html]
[techydevs.com/demos/themes/html/aduca-demo/aduca/dashboard.html]
[techydevs.com/demos/themes/html/aduca-demo/aduca/about.html]
[techydevs.com/demos/themes/html/aduca-demo/aduca/teachers.html]
[techydevs.com/demos/themes/html/aduca-demo/aduca/teacher-detail.html]
[techydevs.com/demos/themes/html/aduca-demo/aduca/categories.html]
[techydevs.com/demos/themes/html/aduca-demo/aduca/terms-and-conditions.html]
[techydevs.com/demos/themes/html/aduca-demo/aduca/privacy-policy.html]
[techydevs.com/demos/themes/html/aduca-demo/aduca/invite.html]
[techydevs.com/demos/themes/html/aduca-demo/aduca/careers.html]
[techydevs.com/demos/themes/html/aduca-demo/aduca/career-details.html]
[techydevs.com/demos/themes/html/aduca-demo/aduca/become-a-teacher.html]
[techydevs.com/demos/themes/html/aduca-demo/aduca/faq.html]
[techydevs.com/demos/themes/html/aduca-demo/aduca/admission.html]
[techydevs.com/demos/themes/html/aduca-demo/aduca/gallery.html]
[techydevs.com/demos/themes/html/aduca-demo/aduca/pricing-table.html]
[techydevs.com/demos/themes/html/aduca-demo/aduca/contact.html]
[techydevs.com/demos/themes/html/aduca-demo/aduca/for-business.html]
[techydevs.com/demos/themes/html/aduca-demo/aduca/recover.html]
[techydevs.com/demos/themes/html/aduca-demo/aduca/shopping-cart.html]
[techydevs.com/demos/themes/html/aduca-demo/aduca/checkout.html]
[techydevs.com/demos/themes/html/aduca-demo/aduca/error.html]
[techydevs.com/demos/themes/html/aduca-demo/aduca/images/menu-banner-img.jpg]
[techydevs.com/demos/themes/html/aduca-demo/aduca/blog-full-width.html]
[techydevs.com/demos/themes/html/aduca-demo/aduca/blog-no-sidebar.html]
[techydevs.com/demos/themes/html/aduca-demo/aduca/blog-left-sidebar.html]
[techydevs.com/demos/themes/html/aduca-demo/aduca/blog-right-sidebar.html]
[techydevs.com/demos/themes/html/aduca-demo/aduca/blog-single.html]
[techydevs.com/demos/themes/html/aduca-demo/aduca/images/small-img.jpg]
[techydevs.com/demos/themes/html/aduca-demo/aduca/images/img-loading.png]
[techydevs.com/demos/themes/html/aduca-demo/aduca/images/img8.jpg]
[techydevs.com/demos/themes/html/aduca-demo/aduca/images/img9.jpg]
[techydevs.com/demos/themes/html/aduca-demo/aduca/images/img10.jpg]
[techydevs.com/demos/themes/html/aduca-demo/aduca/images/img11.jpg]
[techydevs.com/demos/themes/html/aduca-demo/aduca/images/img12.jpg]
[techydevs.com/demos/themes/html/aduca-demo/aduca/images/img13.jpg]
[techydevs.com/demos/themes/html/aduca-demo/aduca/images/small-avatar-1.jpg]
[techydevs.com/demos/themes/html/aduca-demo/aduca/images/small-avatar-2.jpg]
[techydevs.com/demos/themes/html/aduca-demo/aduca/images/small-avatar-3.jpg]
[techydevs.com/demos/themes/html/aduca-demo/aduca/images/small-avatar-4.jpg]
[techydevs.com/demos/themes/html/aduca-demo/aduca/images/small-avatar-5.jpg]
[techydevs.com/demos/themes/html/aduca-demo/aduca/images/sponsor-img.png]
[techydevs.com/demos/themes/html/aduca-demo/aduca/images/sponsor-img2.png]
[techydevs.com/demos/themes/html/aduca-demo/aduca/images/sponsor-img3.png]
[techydevs.com/demos/themes/html/aduca-demo/aduca/images/sponsor-img4.png]
[techydevs.com/demos/themes/html/aduca-demo/aduca/images/sponsor-img5.png]
[techydevs.com/demos/themes/html/aduca-demo/aduca/images/appstore.png]
[techydevs.com/demos/themes/html/aduca-demo/aduca/images/googleplay.png]
[techydevs.com/demos/themes/html/aduca-demo/aduca/js/jquery-3.4.1.min.js]
[techydevs.com/demos/themes/html/aduca-demo/aduca/js/bootstrap.bundle.min.js]
[techydevs.com/demos/themes/html/aduca-demo/aduca/js/bootstrap-select.min.js]
[techydevs.com/demos/themes/html/aduca-demo/aduca/js/owl.carousel.min.js]
[techydevs.com/demos/themes/html/aduca-demo/aduca/js/isotope.js]
[techydevs.com/demos/themes/html/aduca-demo/aduca/js/waypoint.min.js]
[techydevs.com/demos/themes/html/aduca-demo/aduca/js/jquery.counterup.min.js]
[techydevs.com/demos/themes/html/aduca-demo/aduca/js/fancybox.js]
[techydevs.com/demos/themes/html/aduca-demo/aduca/js/datedropper.min.js]
[techydevs.com/demos/themes/html/aduca-demo/aduca/js/emojionearea.min.js]
[techydevs.com/demos/themes/html/aduca-demo/aduca/js/tooltipster.bundle.min.js]
[techydevs.com/demos/themes/html/aduca-demo/aduca/js/jquery.lazy.min.js]
[techydevs.com/demos/themes/html/aduca-demo/aduca/js/main.js]
[techydevs.com/demos/themes/html/aduca-demo/aduca/index.html]
[techydevs.com/demos/themes/html/aduca-demo/aduca/css/bootstrap.min.css]
[techydevs.com/demos/themes/html/aduca-demo/aduca/fonts/la-brands-400.woff2]
[techydevs.com/demos/themes/html/aduca-demo/aduca/fonts/la-brands-400.woff]
[techydevs.com/demos/themes/html/aduca-demo/aduca/fonts/la-brands-400.eot]
[techydevs.com/demos/themes/html/aduca-demo/aduca/fonts/la-brands-400d41d.eot]
[techydevs.com/demos/themes/html/aduca-demo/aduca/fonts/la-brands-400.svg]
[techydevs.com/demos/themes/html/aduca-demo/aduca/fonts/la-regular-400.woff2]
[techydevs.com/demos/themes/html/aduca-demo/aduca/fonts/la-regular-400.eot]
[techydevs.com/demos/themes/html/aduca-demo/aduca/fonts/la-regular-400.woff]
[techydevs.com/demos/themes/html/aduca-demo/aduca/fonts/la-regular-400d41d.eot]
[techydevs.com/demos/themes/html/aduca-demo/aduca/fonts/la-regular-400.svg]
[techydevs.com/demos/themes/html/aduca-demo/aduca/fonts/la-solid-900.woff2]
[techydevs.com/demos/themes/html/aduca-demo/aduca/fonts/la-regular-400.ttf]
[techydevs.com/demos/themes/html/aduca-demo/aduca/fonts/la-brands-400.ttf]
[techydevs.com/demos/themes/html/aduca-demo/aduca/fonts/la-solid-900.woff]
[techydevs.com/demos/themes/html/aduca-demo/aduca/fonts/la-solid-900.eot]
[techydevs.com/demos/themes/html/aduca-demo/aduca/fonts/la-solid-900d41d.eot]
[techydevs.com/demos/themes/html/aduca-demo/aduca/css/line-awesome.css]
[techydevs.com/demos/themes/html/aduca-demo/aduca/fonts/la-solid-900.svg]
[techydevs.com/demos/themes/html/aduca-demo/aduca/fonts/la-solid-900.ttf]
[techydevs.com/demos/themes/html/aduca-demo/aduca/css/owl.video.play.6d.delayed]
[techydevs.com/demos/themes/html/aduca-demo/aduca/css/owl.carousel.min.css]
[techydevs.com/demos/themes/html/aduca-demo/aduca/css/owl.theme.default.min.css]
[techydevs.com/demos/themes/html/aduca-demo/aduca/css/bootstrap-select.min.css]
[techydevs.com/demos/themes/html/aduca-demo/aduca/css/fancybox.css]
[techydevs.com/demos/themes/html/aduca-demo/aduca/css/tooltipster.bundle.css]
[techydevs.com/demos/themes/html/aduca-demo/aduca/images/dots.png]
[techydevs.com/demos/themes/html/aduca-demo/aduca/images/img7.jpg]
[techydevs.com/demos/themes/html/aduca-demo/aduca/images/breadcrumb-bg.jpg]
[techydevs.com/demos/themes/html/aduca-demo/aduca/images/breadcrumb-bg-2.jpg]
[techydevs.com/demos/themes/html/aduca-demo/aduca/images/pattern.png]
[techydevs.com/demos/themes/html/aduca-demo/aduca/images/slider-img1.jpg]
[techydevs.com/demos/themes/html/aduca-demo/aduca/images/slider-img2.jpg]
[techydevs.com/demos/themes/html/aduca-demo/aduca/images/slider-img3.jpg]
[techydevs.com/demos/themes/html/aduca-demo/aduca/images/slider-img4.jpg]
[techydevs.com/demos/themes/html/aduca-demo/aduca/images/slider-img5.jpg]
[techydevs.com/demos/themes/html/aduca-demo/aduca/images/shape.png]
[techydevs.com/demos/themes/html/aduca-demo/aduca/images/hero-shape.jpg]
[techydevs.com/demos/themes/html/aduca-demo/aduca/css/style.css]
[techydevs.com/demos/themes/html/aduca-demo/aduca/css/leaflet.css]
[techydevs.com/demos/themes/html/aduca-demo/aduca/login.html]
[techydevs.com/demos/themes/html/aduca-demo/aduca/sign-up.html]
[techydevs.com/demos/themes/html/aduca-demo/aduca/course-grid.html]
[techydevs.com/demos/themes/html/aduca-demo/aduca/css/animated-headline.css]
[techydevs.com/demos/themes/html/aduca-demo/aduca/images/sponsor-img6.png]
[techydevs.com/demos/themes/html/aduca-demo/aduca/images/sponsor-img7.png]
[techydevs.com/demos/themes/html/aduca-demo/aduca/images/sponsor-img8.png]
[techydevs.com/demos/themes/html/aduca-demo/aduca/images/sponsor-img9.png]
[techydevs.com/demos/themes/html/aduca-demo/aduca/js/animated-headline.js]
[techydevs.com/demos/themes/html/aduca-demo/aduca/home-2.html]
[techydevs.com/demos/themes/html/aduca-demo/aduca/images/small-img-2.jpg]
[techydevs.com/demos/themes/html/aduca-demo/aduca/images/small-img-3.jpg]
[techydevs.com/demos/themes/html/aduca-demo/aduca/images/small-img-4.jpg]
[techydevs.com/demos/themes/html/aduca-demo/aduca/home-3.html]
[techydevs.com/demos/themes/html/aduca-demo/aduca/images/small-avatar-6.jpg]
[techydevs.com/demos/themes/html/aduca-demo/aduca/home-4.html]
[techydevs.com/demos/themes/html/aduca-demo/aduca/course-list.html]
[techydevs.com/demos/themes/html/aduca-demo/aduca/course-grid-left-sidebar.html]
[techydevs.com/demos/themes/html/aduca-demo/aduca/course-grid-right-sidebar.html]
[techydevs.com/demos/themes/html/aduca-demo/aduca/course-list-left-sidebar.html]
[techydevs.com/demos/themes/html/aduca-demo/aduca/course-list-right-sidebar.html]
[techydevs.com/demos/themes/html/aduca-demo/aduca/css/plyr.css]
[cdn.plyr.io/static/demo/View_From_A_Blue_Moon_Trailer-HD.jpg]
[techydevs.com/demos/themes/html/aduca-demo/aduca/course-details.html]
[techydevs.com/demos/themes/html/aduca-demo/aduca/css/jquery-te-1.4.0.css]
[techydevs.com/demos/themes/html/aduca-demo/aduca/js/plyr.js]
[techydevs.com/demos/themes/html/aduca-demo/aduca/js/jquery-te-1.4.0.min.js]
[techydevs.com/demos/themes/html/aduca-demo/aduca/lesson-details.html]
[techydevs.com/demos/themes/html/aduca-demo/aduca/js/jquery.MultiFile.min.js]
[techydevs.com/demos/themes/html/aduca-demo/aduca/dashboard-message.html]
[techydevs.com/demos/themes/html/aduca-demo/aduca/dashboard-settings.html]
[techydevs.com/demos/themes/html/aduca-demo/aduca/dashboard-purchase-history.html]
[techydevs.com/demos/themes/html/aduca-demo/aduca/my-courses.html]
[techydevs.com/demos/themes/html/aduca-demo/aduca/student-detail.html]
[techydevs.com/demos/themes/html/aduca-demo/aduca/images/angular.png]
[techydevs.com/demos/themes/html/aduca-demo/aduca/student-quiz.html]
[techydevs.com/demos/themes/html/aduca-demo/aduca/dashboard-profile.html]
[techydevs.com/demos/themes/html/aduca-demo/aduca/student-quiz-results.html]
[techydevs.com/demos/themes/html/aduca-demo/aduca/student-quiz-result-details.html]
[techydevs.com/demos/themes/html/aduca-demo/aduca/student-quiz-result-details-2.html]
[techydevs.com/demos/themes/html/aduca-demo/aduca/images/angular-lg.png]
[techydevs.com/demos/themes/html/aduca-demo/aduca/student-path.html]
[techydevs.com/demos/themes/html/aduca-demo/aduca/student-path-assessment.html]
[techydevs.com/demos/themes/html/aduca-demo/aduca/student-path-assessment-result.html]
[techydevs.com/demos/themes/html/aduca-demo/aduca/dashboard-courses.html]
[techydevs.com/demos/themes/html/aduca-demo/aduca/dashboard-quiz.html]
[techydevs.com/demos/themes/html/aduca-demo/aduca/dashboard-bookmark.html]
[techydevs.com/demos/themes/html/aduca-demo/aduca/dashboard-enrolled-courses.html]
[techydevs.com/demos/themes/html/aduca-demo/aduca/dashboard-reviews.html]
[techydevs.com/demos/themes/html/aduca-demo/aduca/dashboard-earnings.html]
[techydevs.com/demos/themes/html/aduca-demo/aduca/dashboard-withdraw.html]
[techydevs.com/demos/themes/html/aduca-demo/aduca/dashboard-submit-course.html]
[techydevs.com/demos/themes/html/aduca-demo/aduca/js/doughnut-chart.js]
[techydevs.com/demos/themes/html/aduca-demo/aduca/js/chart.js]
[techydevs.com/demos/themes/html/aduca-demo/aduca/js/bar-chart.js]
[techydevs.com/demos/themes/html/aduca-demo/aduca/js/line-chart.js]
[techydevs.com/demos/themes/html/aduca-demo/aduca/js/animated-skills.js]
[techydevs.com/demos/themes/html/aduca-demo/aduca/dashboard.html]
[techydevs.com/demos/themes/html/aduca-demo/aduca/images/small-avatar-7.jpg]
[techydevs.com/demos/themes/html/aduca-demo/aduca/about.html]
[techydevs.com/demos/themes/html/aduca-demo/aduca/teachers.html]
[techydevs.com/demos/themes/html/aduca-demo/aduca/teacher-detail.html]
[techydevs.com/demos/themes/html/aduca-demo/aduca/categories.html]
[techydevs.com/demos/themes/html/aduca-demo/aduca/terms-and-conditions.html]
[techydevs.com/demos/themes/html/aduca-demo/aduca/privacy-policy.html]
[techydevs.com/demos/themes/html/aduca-demo/aduca/invite.html]
[techydevs.com/demos/themes/html/aduca-demo/aduca/careers.html]
[techydevs.com/demos/themes/html/aduca-demo/aduca/css/intlTelInput.min.css]
[techydevs.com/demos/themes/html/aduca-demo/aduca/js/intlTelInput-jquery.min.js]
[techydevs.com/demos/themes/html/aduca-demo/aduca/career-details.html]
[techydevs.com/demos/themes/html/aduca-demo/aduca/become-a-teacher.html]
[techydevs.com/demos/themes/html/aduca-demo/aduca/faq.html]
[techydevs.com/demos/themes/html/aduca-demo/aduca/admission.html]
[techydevs.com/demos/themes/html/aduca-demo/aduca/images/img22.jpg]
[techydevs.com/demos/themes/html/aduca-demo/aduca/gallery.html]
[techydevs.com/demos/themes/html/aduca-demo/aduca/pricing-table.html]
[techydevs.com/demos/themes/html/aduca-demo/aduca/contact.html]
[techydevs.com/demos/themes/html/aduca-demo/aduca/for-business.html]
[techydevs.com/demos/themes/html/aduca-demo/aduca/recover.html]
[techydevs.com/demos/themes/html/aduca-demo/aduca/shopping-cart.html]
[techydevs.com/demos/themes/html/aduca-demo/aduca/js/map.js]
[techydevs.com/demos/themes/html/aduca-demo/aduca/js/leaflet.js]
[techydevs.com/demos/themes/html/aduca-demo/aduca/images/paypal.png]
[techydevs.com/demos/themes/html/aduca-demo/aduca/images/payment-img.png]
[techydevs.com/demos/themes/html/aduca-demo/aduca/checkout.html]
[techydevs.com/demos/themes/html/aduca-demo/aduca/error.html]
[techydevs.com/demos/themes/html/aduca-demo/aduca/blog-full-width.html]
[techydevs.com/demos/themes/html/aduca-demo/aduca/blog-no-sidebar.html]
[techydevs.com/demos/themes/html/aduca-demo/aduca/blog-left-sidebar.html]
[techydevs.com/demos/themes/html/aduca-demo/aduca/blog-right-sidebar.html]
[techydevs.com/demos/themes/html/aduca-demo/aduca/blog-single.html]
[techydevs.com/demos/themes/html/aduca-demo/aduca/fonts/la-brands-400.svg]
[techydevs.com/demos/themes/html/aduca-demo/aduca/fonts/la-regular-400.svg]
[techydevs.com/demos/themes/html/aduca-demo/aduca/fonts/la-solid-900.svg]
[techydevs.com/demos/themes/html/aduca-demo/aduca/css/owl.video.play.html]
[techydevs.com/demos/themes/html/aduca-demo/aduca/css/images/layers.a7.delayed]
[techydevs.com/demos/themes/html/aduca-demo/aduca/css/images/layers-2x.png]
[techydevs.com/demos/themes/html/aduca-demo/aduca/css/images/marker-icon.png]
[techydevs.com/demos/themes/html/aduca-demo/aduca/css/leaflet.css]
[techydevs.com/demos/themes/html/aduca-demo/aduca/css/animated-headline.css]
[techydevs.com/demos/themes/html/aduca-demo/aduca/css/plyr.css]
[techydevs.com/demos/themes/html/aduca-demo/aduca/css/jquery-te.png]
[techydevs.com/demos/themes/html/aduca-demo/aduca/css/jquery-te-1.4.0.css]
[techydevs.com/demos/themes/html/aduca-demo/aduca/css/emojionearea.css]
[techydevs.com/demos/themes/html/aduca-demo/aduca/dashboard-message.html]
[techydevs.com/demos/themes/html/aduca-demo/aduca/images/team11.jpg]
[techydevs.com/demos/themes/html/aduca-demo/aduca/dashboard-settings.html]
[techydevs.com/demos/themes/html/aduca-demo/aduca/dashboard-purchase-history.html]
[techydevs.com/demos/themes/html/aduca-demo/aduca/dashboard-profile.html]
[techydevs.com/demos/themes/html/aduca-demo/aduca/dashboard-courses.html]
[techydevs.com/demos/themes/html/aduca-demo/aduca/dashboard-quiz.html]
[techydevs.com/demos/themes/html/aduca-demo/aduca/dashboard-bookmark.html]
[techydevs.com/demos/themes/html/aduca-demo/aduca/dashboard-enrolled-courses.html]
[techydevs.com/demos/themes/html/aduca-demo/aduca/dashboard-reviews.html]
[techydevs.com/demos/themes/html/aduca-demo/aduca/js/line-chart-2.js]
[techydevs.com/demos/themes/html/aduca-demo/aduca/dashboard-earnings.html]
[techydevs.com/demos/themes/html/aduca-demo/aduca/dashboard-withdraw.html]
[techydevs.com/demos/themes/html/aduca-demo/aduca/css/bootstrap-tagsinput.css]
[techydevs.com/demos/themes/html/aduca-demo/aduca/js/bootstrap-tagsinput.min.js]
[techydevs.com/demos/themes/html/aduca-demo/aduca/dashboard-submit-course.html]
[techydevs.com/demos/themes/html/aduca-demo/aduca/img/flags.png]
[techydevs.com/demos/themes/html/aduca-demo/aduca/img/flags@2x.png]
[techydevs.com/demos/themes/html/aduca-demo/aduca/css/intlTelInput.min.css]
[techydevs.com/demos/themes/html/aduca-demo/aduca/css/images/layers.html]
[techydevs.com/demos/themes/html/aduca-demo/aduca/css/images/layers-2x.html]
[techydevs.com/demos/themes/html/aduca-demo/aduca/css/emojionearea.css]
[techydevs.com/demos/themes/html/aduca-demo/aduca/css/bootstrap-tagsinput.css]
